INFO:     Will watch for changes in these directories: ['/Users/chanhee/mock-stock/backend']
INFO:     Uvicorn running on http://127.0.0.1:8000 (Press CTRL+C to quit)
INFO:     Started reloader process [43736] using WatchFiles
/Users/chanhee/mock-stock/backend/venv/lib/python3.9/site-packages/urllib3/__init__.py:35: NotOpenSSLWarning: urllib3 v2 only supports OpenSSL 1.1.1+, currently the 'ssl' module is compiled with 'LibreSSL 2.8.3'. See: https://github.com/urllib3/urllib3/issues/3020
  warnings.warn(
INFO:     Started server process [43739]
INFO:     Waiting for application startup.
INFO:     Application startup complete.
INFO:     127.0.0.1:59781 - "GET / HTTP/1.1" 200 OK
INFO:     127.0.0.1:59798 - "GET /auth/kakao/url HTTP/1.1" 200 OK
WARNING:  WatchFiles detected changes in 'services/auth.py'. Reloading...
INFO:     Shutting down
INFO:     Waiting for application shutdown.
INFO:     Application shutdown complete.
INFO:     Finished server process [43739]
/Users/chanhee/mock-stock/backend/venv/lib/python3.9/site-packages/urllib3/__init__.py:35: NotOpenSSLWarning: urllib3 v2 only supports OpenSSL 1.1.1+, currently the 'ssl' module is compiled with 'LibreSSL 2.8.3'. See: https://github.com/urllib3/urllib3/issues/3020
  warnings.warn(
INFO:     Started server process [60604]
INFO:     Waiting for application startup.
INFO:     Application startup complete.
WARNING:  WatchFiles detected changes in 'services/auth.py'. Reloading...
INFO:     Shutting down
INFO:     Waiting for application shutdown.
INFO:     Application shutdown complete.
INFO:     Finished server process [60604]
/Users/chanhee/mock-stock/backend/venv/lib/python3.9/site-packages/urllib3/__init__.py:35: NotOpenSSLWarning: urllib3 v2 only supports OpenSSL 1.1.1+, currently the 'ssl' module is compiled with 'LibreSSL 2.8.3'. See: https://github.com/urllib3/urllib3/issues/3020
  warnings.warn(
INFO:     Started server process [60628]
INFO:     Waiting for application startup.
INFO:     Application startup complete.
WARNING:  WatchFiles detected changes in 'services/stock.py'. Reloading...
INFO:     Shutting down
INFO:     Waiting for application shutdown.
INFO:     Application shutdown complete.
INFO:     Finished server process [60628]
INFO:     Started server process [68578]
INFO:     Waiting for application startup.
INFO:     Application startup complete.
WARNING:  WatchFiles detected changes in 'routers/stock.py'. Reloading...
INFO:     Shutting down
INFO:     Waiting for application shutdown.
INFO:     Application shutdown complete.
INFO:     Finished server process [68578]
INFO:     Started server process [68630]
INFO:     Waiting for application startup.
INFO:     Application startup complete.
WARNING:  WatchFiles detected changes in 'routers/portfolio.py'. Reloading...
INFO:     Shutting down
INFO:     Waiting for application shutdown.
INFO:     Application shutdown complete.
INFO:     Finished server process [68630]
INFO:     Started server process [68673]
INFO:     Waiting for application startup.
INFO:     Application startup complete.
WARNING:  WatchFiles detected changes in 'routers/trade.py'. Reloading...
INFO:     Shutting down
INFO:     Waiting for application shutdown.
INFO:     Application shutdown complete.
INFO:     Finished server process [68673]
INFO:     Started server process [68716]
INFO:     Waiting for application startup.
INFO:     Application startup complete.
WARNING:  WatchFiles detected changes in 'routers/ranking.py'. Reloading...
INFO:     Shutting down
INFO:     Waiting for application shutdown.
INFO:     Application shutdown complete.
INFO:     Finished server process [68716]
INFO:     Started server process [68757]
INFO:     Waiting for application startup.
INFO:     Application startup complete.
WARNING:  WatchFiles detected changes in 'services/stock.py'. Reloading...
INFO:     Shutting down
INFO:     Waiting for application shutdown.
INFO:     Application shutdown complete.
INFO:     Finished server process [68757]
INFO:     Started server process [73564]
INFO:     Waiting for application startup.
INFO:     Application startup complete.
WARNING:  WatchFiles detected changes in 'services/stock.py'. Reloading...
INFO:     Shutting down
INFO:     Waiting for application shutdown.
INFO:     Application shutdown complete.
INFO:     Finished server process [73564]
INFO:     Started server process [74914]
INFO:     Waiting for application startup.
INFO:     Application startup complete.
WARNING:  WatchFiles detected changes in 'services/stock.py'. Reloading...
INFO:     Shutting down
INFO:     Waiting for application shutdown.
INFO:     Application shutdown complete.
INFO:     Finished server process [74914]
INFO:     Started server process [74963]
INFO:     Waiting for application startup.
INFO:     Application startup complete.
WARNING:  WatchFiles detected changes in 'models/database.py'. Reloading...
INFO:     Shutting down
INFO:     Waiting for application shutdown.
INFO:     Application shutdown complete.
INFO:     Finished server process [74963]
INFO:     Started server process [75511]
INFO:     Waiting for application startup.
INFO:     Application startup complete.
WARNING:  WatchFiles detected changes in 'routers/season.py'. Reloading...
INFO:     Shutting down
INFO:     Waiting for application shutdown.
INFO:     Application shutdown complete.
INFO:     Finished server process [75511]
INFO:     Started server process [75635]
INFO:     Waiting for application startup.
INFO:     Application startup complete.
WARNING:  WatchFiles detected changes in 'routers/snapshot.py'. Reloading...
INFO:     Shutting down
INFO:     Waiting for application shutdown.
INFO:     Application shutdown complete.
INFO:     Finished server process [75635]
INFO:     Started server process [75689]
INFO:     Waiting for application startup.
INFO:     Application startup complete.
WARNING:  WatchFiles detected changes in 'main.py'. Reloading...
INFO:     Shutting down
INFO:     Waiting for application shutdown.
INFO:     Application shutdown complete.
INFO:     Finished server process [75689]
Process SpawnProcess-15:
Traceback (most recent call last):
  File "/Library/Developer/CommandLineTools/Library/Frameworks/Python3.framework/Versions/3.9/lib/python3.9/multiprocessing/process.py", line 315, in _bootstrap
    self.run()
  File "/Library/Developer/CommandLineTools/Library/Frameworks/Python3.framework/Versions/3.9/lib/python3.9/multiprocessing/process.py", line 108, in run
    self._target(*self._args, **self._kwargs)
  File "/Users/chanhee/mock-stock/backend/venv/lib/python3.9/site-packages/uvicorn/_subprocess.py", line 78, in subprocess_started
    target(sockets=sockets)
  File "/Users/chanhee/mock-stock/backend/venv/lib/python3.9/site-packages/uvicorn/server.py", line 65, in run
    return asyncio.run(self.serve(sockets=sockets))
  File "/Library/Developer/CommandLineTools/Library/Frameworks/Python3.framework/Versions/3.9/lib/python3.9/asyncio/runners.py", line 44, in run
    return loop.run_until_complete(main)
  File "uvloop/loop.pyx", line 1518, in uvloop.loop.Loop.run_until_complete
  File "/Users/chanhee/mock-stock/backend/venv/lib/python3.9/site-packages/uvicorn/server.py", line 69, in serve
    await self._serve(sockets)
  File "/Users/chanhee/mock-stock/backend/venv/lib/python3.9/site-packages/uvicorn/server.py", line 76, in _serve
    config.load()
  File "/Users/chanhee/mock-stock/backend/venv/lib/python3.9/site-packages/uvicorn/config.py", line 433, in load
    self.loaded_app = import_from_string(self.app)
  File "/Users/chanhee/mock-stock/backend/venv/lib/python3.9/site-packages/uvicorn/importer.py", line 22, in import_from_string
    raise exc from None
  File "/Users/chanhee/mock-stock/backend/venv/lib/python3.9/site-packages/uvicorn/importer.py", line 19, in import_from_string
    module = importlib.import_module(module_str)
  File "/Library/Developer/CommandLineTools/Library/Frameworks/Python3.framework/Versions/3.9/lib/python3.9/importlib/__init__.py", line 127, in import_module
    return _bootstrap._gcd_import(name[level:], package, level)
  File "<frozen importlib._bootstrap>", line 1030, in _gcd_import
  File "<frozen importlib._bootstrap>", line 1007, in _find_and_load
  File "<frozen importlib._bootstrap>", line 986, in _find_and_load_unlocked
  File "<frozen importlib._bootstrap>", line 680, in _load_unlocked
  File "<frozen importlib._bootstrap_external>", line 850, in exec_module
  File "<frozen importlib._bootstrap>", line 228, in _call_with_frames_removed
  File "/Users/chanhee/mock-stock/backend/main.py", line 4, in <module>
    from apscheduler.schedulers.asyncio import AsyncIOScheduler
ModuleNotFoundError: No module named 'apscheduler'
WARNING:  WatchFiles detected changes in 'venv/lib/python3.9/site-packages/apscheduler/jobstores/sqlalchemy.py', 'venv/lib/python3.9/site-packages/apscheduler/schedulers/asyncio.py', 'venv/lib/python3.9/site-packages/apscheduler/executors/base.py', 'venv/lib/python3.9/site-packages/apscheduler/jobstores/mongodb.py', 'venv/lib/python3.9/site-packages/apscheduler/triggers/cron/fields.py', 'venv/lib/python3.9/site-packages/apscheduler/triggers/date.py', 'venv/lib/python3.9/site-packages/apscheduler/triggers/cron/expressions.py', 'venv/lib/python3.9/site-packages/apscheduler/triggers/calendarinterval.py', 'venv/lib/python3.9/site-packages/apscheduler/events.py', 'venv/lib/python3.9/site-packages/apscheduler/schedulers/twisted.py', 'venv/lib/python3.9/site-packages/apscheduler/jobstores/zookeeper.py', 'venv/lib/python3.9/site-packages/apscheduler/executors/debug.py', 'venv/lib/python3.9/site-packages/apscheduler/schedulers/__init__.py', 'venv/lib/python3.9/site-packages/apscheduler/jobstores/base.py', 'venv/lib/python3.9/site-packages/apscheduler/executors/tornado.py', 'venv/lib/python3.9/site-packages/apscheduler/__init__.py', 'venv/lib/python3.9/site-packages/apscheduler/triggers/__init__.py', 'venv/lib/python3.9/site-packages/apscheduler/executors/asyncio.py', 'venv/lib/python3.9/site-packages/apscheduler/schedulers/qt.py', 'venv/lib/python3.9/site-packages/apscheduler/schedulers/gevent.py', 'venv/lib/python3.9/site-packages/apscheduler/util.py', 'venv/lib/python3.9/site-packages/apscheduler/jobstores/rethinkdb.py', 'venv/lib/python3.9/site-packages/apscheduler/schedulers/blocking.py', 'venv/lib/python3.9/site-packages/tzlocal/utils.py', 'venv/lib/python3.9/site-packages/apscheduler/jobstores/etcd.py', 'venv/lib/python3.9/site-packages/apscheduler/triggers/cron/__init__.py', 'venv/lib/python3.9/site-packages/apscheduler/jobstores/memory.py', 'venv/lib/python3.9/site-packages/tzlocal/__init__.py', 'venv/lib/python3.9/site-packages/tzlocal/unix.py', 'venv/lib/python3.9/site-packages/tzlocal/windows_tz.py', 'venv/lib/python3.9/site-packages/apscheduler/executors/pool.py', 'venv/lib/python3.9/site-packages/apscheduler/executors/twisted.py', 'venv/lib/python3.9/site-packages/apscheduler/executors/__init__.py', 'venv/lib/python3.9/site-packages/apscheduler/job.py', 'venv/lib/python3.9/site-packages/apscheduler/schedulers/base.py', 'venv/lib/python3.9/site-packages/tzlocal/win32.py', 'venv/lib/python3.9/site-packages/apscheduler/schedulers/background.py', 'venv/lib/python3.9/site-packages/apscheduler/triggers/interval.py', 'venv/lib/python3.9/site-packages/apscheduler/jobstores/__init__.py', 'venv/lib/python3.9/site-packages/apscheduler/jobstores/redis.py', 'venv/lib/python3.9/site-packages/apscheduler/executors/gevent.py', 'venv/lib/python3.9/site-packages/apscheduler/triggers/base.py', 'venv/lib/python3.9/site-packages/apscheduler/triggers/combining.py', 'venv/lib/python3.9/site-packages/apscheduler/schedulers/tornado.py'. Reloading...
INFO:     Started server process [75901]
INFO:     Waiting for application startup.
INFO:     Application startup complete.
WARNING:  WatchFiles detected changes in 'models/database.py'. Reloading...
INFO:     Shutting down
INFO:     Waiting for application shutdown.
INFO:     Application shutdown complete.
INFO:     Finished server process [75901]
INFO:     Started server process [76662]
INFO:     Waiting for application startup.
INFO:     Application startup complete.
